First BV with 12 active columns (3 leading columns) of dimension 18.
Second BV with 8 active columns (2 leading columns) of dimension 18.
2-Norm or X[3] = 25.7682
Frobenius Norm or X = 328.469
