svd type cross

Reading matrix from binary file...

 All requested singular values computed up to the required tolerance:
     7.04428, 6.37662, 5.48234, 5.31000, 4.47278, 4.07783, 3.92481

svd type cyclic

Reading matrix from binary file...

 All requested singular values computed up to the required tolerance:
     7.04428, 6.37662, 5.48234, 5.31000, 4.47278, 4.07783, 3.92481

svd type lanczos

Reading matrix from binary file...

 All requested singular values computed up to the required tolerance:
     7.04428, 6.37662, 5.48234, 5.31000, 4.47278, 4.07783, 3.92481

svd type lapack

Reading matrix from binary file...

 All requested singular values computed up to the required tolerance:
     7.04428, 6.37662, 5.48234, 5.31000, 4.47278, 4.07783, 3.92481

svd type trlanczos

Reading matrix from binary file...

 All requested singular values computed up to the required tolerance:
     7.04428, 6.37662, 5.48234, 5.31000, 4.47278, 4.07783, 3.92481

