svd type cross

Reading matrix from binary file...

 All requested singular values computed up to the required tolerance:
     7.04105, 6.37355, 5.47846, 5.30799, 4.47061, 4.06786, 3.92213

svd type cyclic

Reading matrix from binary file...

 All requested singular values computed up to the required tolerance:
     7.04105, 6.37355, 5.47846, 5.30799, 4.47061, 4.06786, 3.92213

svd type lanczos

Reading matrix from binary file...

 All requested singular values computed up to the required tolerance:
     7.04105, 6.37355, 5.47846, 5.30799, 4.47061, 4.06786, 3.92213

svd type lapack

Reading matrix from binary file...

 All requested singular values computed up to the required tolerance:
     7.04105, 6.37355, 5.47846, 5.30799, 4.47061, 4.06786, 3.92213

svd type trlanczos

Reading matrix from binary file...

 All requested singular values computed up to the required tolerance:
     7.04105, 6.37355, 5.47846, 5.30799, 4.47061, 4.06786, 3.92213

