RG Object: 1 MPI processes
  type: ellipse
  center: 1.1, radius: 2, vscale: 0.1
Point (0.1,0.3) is outside the region
Contour points: (3,0.0618) (2.28,0.162) (1.1,0.2) (-0.0756,0.162) (-0.802,0.0618) (-0.802,-0.0618) (-0.0756,-0.162) (1.1,-0.2) (2.28,-0.162) (3,-0.0618) 
RG Object: 1 MPI processes
  type: interval
  region: [-1,1]x[-0.1,0.1]
Point (0.2,0) is inside the region
