pep type toar

Quadratic Eigenproblem, N=110 (10x11 grid)
PEP type: toar

 Solution method: toar

 Number of requested eigenvalues: 4
 Stopping condition: maxit=100
 All requested eigenvalues computed up to the required tolerance:
     0.00000+2.80193i, 0.00000-2.80193i, 0.00000+2.76605i, 0.00000-2.76605i

pep type qarnoldi

Quadratic Eigenproblem, N=110 (10x11 grid)
PEP type: qarnoldi

 Solution method: qarnoldi

 Number of requested eigenvalues: 4
 Stopping condition: maxit=100
 All requested eigenvalues computed up to the required tolerance:
     0.00000+2.80193i, 0.00000-2.80193i, 0.00000+2.76605i, 0.00000-2.76605i

pep type linear, eps type krylovschur

Quadratic Eigenproblem, N=110 (10x11 grid)
PEP type: linear
EPS type: krylovschur

 Solution method: linear

 Number of requested eigenvalues: 4
 Stopping condition: maxit=100
 All requested eigenvalues computed up to the required tolerance:
     0.00000+2.80193i, 0.00000-2.80193i, 0.00000+2.76605i, 0.00000-2.76605i

pep type linear, eps type gd

Quadratic Eigenproblem, N=110 (10x11 grid)
PEP type: linear
EPS type: gd

 Solution method: linear

 Number of requested eigenvalues: 4
 Stopping condition: maxit=2000
 All requested eigenvalues computed up to the required tolerance:
     0.00000+2.80193i, 0.00000-2.80193i, 0.00000+2.76605i, 0.00000-2.76605i

