Solve a Dense System of type HEP with compact storage - dimension 10.
DS Object: 1 MPI processes
  type: hep
  current state: raw
  dimensions: ld=12, n=10, l=2, k=5
  flags: compact
  solving the problem with: Implicit QR method (_steqr)
Computed eigenvalues =
  1.00000
  2.00000
  10.74626
  9.21574
  8.10265
  7.16824
  5.92424
  4.66164
  3.64744
  2.53379
