Compute symmetric matrix exponential - dimension 10.
DS Object: 1 MPI processes
  type: hep
  current state: raw
  dimensions: ld=12, n=10, l=0, k=0
  flags:
  solving the problem with: Implicit QR method (_steqr)
