eps type krylovschur

2-D Laplacian Eigenproblem (matrix-free version), N=100 (10x10 grid)

 Solution method: krylovschur

 Number of requested eigenvalues: 4
 All requested eigenvalues computed up to the required tolerance:
     7.83797, 7.60149, 7.60149, 7.36501

eps type arnoldi

2-D Laplacian Eigenproblem (matrix-free version), N=100 (10x10 grid)

 Solution method: arnoldi

 Number of requested eigenvalues: 4
 All requested eigenvalues computed up to the required tolerance:
     7.83797, 7.60149, 7.60149, 7.36501

eps type lanczos

2-D Laplacian Eigenproblem (matrix-free version), N=100 (10x10 grid)

 Solution method: lanczos

 Number of requested eigenvalues: 4
 All requested eigenvalues computed up to the required tolerance:
     7.83797, 7.60149, 7.60149, 7.36501

eps type gd

2-D Laplacian Eigenproblem (matrix-free version), N=100 (10x10 grid)

 Solution method: gd

 Number of requested eigenvalues: 4
 All requested eigenvalues computed up to the required tolerance:
     7.83797, 7.60149, 7.60149, 7.36501

eps type jd

2-D Laplacian Eigenproblem (matrix-free version), N=100 (10x10 grid)

 Solution method: jd

 Number of requested eigenvalues: 4
 All requested eigenvalues computed up to the required tolerance:
     7.83797, 7.60149, 7.60149, 7.36501

eps type gd2

2-D Laplacian Eigenproblem (matrix-free version), N=100 (10x10 grid)

 Solution method: gd

 Number of requested eigenvalues: 4
 All requested eigenvalues computed up to the required tolerance:
     7.83797, 7.60149, 7.60149, 7.36501

