eps type krylovschur

1-D Laplacian Eigenproblem, n=30
EPS type: krylovschur

 Solution method: krylovschur

 Number of requested eigenvalues: 4
 All requested eigenvalues computed up to the required tolerance:
     3.98974, 3.95906, 3.90828, 3.83792

eps type arnoldi

1-D Laplacian Eigenproblem, n=30
EPS type: arnoldi

 Solution method: arnoldi

 Number of requested eigenvalues: 4
 All requested eigenvalues computed up to the required tolerance:
     3.98974, 3.95906, 3.90828, 3.83792

eps type lanczos

1-D Laplacian Eigenproblem, n=30
EPS type: lanczos

 Solution method: lanczos

 Number of requested eigenvalues: 4
 All requested eigenvalues computed up to the required tolerance:
     3.98974, 3.95906, 3.90828, 3.83792

eps type gd

1-D Laplacian Eigenproblem, n=30
EPS type: gd

 Solution method: gd

 Number of requested eigenvalues: 4
 All requested eigenvalues computed up to the required tolerance:
     3.98974, 3.95906, 3.90828, 3.83792

eps type jd

1-D Laplacian Eigenproblem, n=30
EPS type: jd

 Solution method: jd

 Number of requested eigenvalues: 4
 All requested eigenvalues computed up to the required tolerance:
     3.98974, 3.95906, 3.90828, 3.83792

eps type gd2

1-D Laplacian Eigenproblem, n=30
EPS type: gd2

 Solution method: gd

 Number of requested eigenvalues: 4
 All requested eigenvalues computed up to the required tolerance:
     3.98974, 3.95906, 3.90828, 3.83792

