
Tridiagonal Eigenproblem, n=200

 All requested eigenvalues computed up to the required tolerance:
     0.01563, -0.01563, 0.04689, -0.04689, 0.07813, -0.07813

