eps type krylovschur

Markov Model, N=120 (m=15)

 Solution method: krylovschur

 Number of requested eigenvalues: 4
 All requested eigenvalues computed up to the required tolerance:
     1.00000, -1.00000, 0.97137, -0.97137

eps type arnoldi

Markov Model, N=120 (m=15)

 Solution method: arnoldi

 Number of requested eigenvalues: 4
 All requested eigenvalues computed up to the required tolerance:
     1.00000, -1.00000, 0.97137, -0.97137

eps type gd

Markov Model, N=120 (m=15)

 Solution method: gd

 Number of requested eigenvalues: 4
 All requested eigenvalues computed up to the required tolerance:
     1.00000, -1.00000, 0.97137, -0.97137

eps type jd

Markov Model, N=120 (m=15)

 Solution method: jd

 Number of requested eigenvalues: 4
 All requested eigenvalues computed up to the required tolerance:
     1.00000, -1.00000, 0.97137, -0.97137

eps type gd2

Markov Model, N=120 (m=15)

 Solution method: gd

 Number of requested eigenvalues: 4
 All requested eigenvalues computed up to the required tolerance:
     1.00000, -1.00000, 0.97137, -0.97137

