eps type krylovschur

Fiedler vector of a 2-D regular mesh, N=110 (10x11 grid)

 Solution method: krylovschur

 Number of requested eigenvalues: 4
 All requested eigenvalues computed up to the required tolerance:
     0.08101, 0.09789, 0.17890, 0.31749

eps type arnoldi

Fiedler vector of a 2-D regular mesh, N=110 (10x11 grid)

 Solution method: arnoldi

 Number of requested eigenvalues: 4
 All requested eigenvalues computed up to the required tolerance:
     0.08101, 0.09789, 0.17890, 0.31749

eps type lanczos

Fiedler vector of a 2-D regular mesh, N=110 (10x11 grid)

 Solution method: lanczos

 Number of requested eigenvalues: 4
 All requested eigenvalues computed up to the required tolerance:
     0.08101, 0.09789, 0.17890, 0.31749

eps type gd

Fiedler vector of a 2-D regular mesh, N=110 (10x11 grid)

 Solution method: gd

 Number of requested eigenvalues: 4
 All requested eigenvalues computed up to the required tolerance:
     0.08101, 0.09789, 0.17890, 0.31749

eps type jd

Fiedler vector of a 2-D regular mesh, N=110 (10x11 grid)

 Solution method: jd

 Number of requested eigenvalues: 4
 All requested eigenvalues computed up to the required tolerance:
     0.08101, 0.09789, 0.17890, 0.31749

eps type gd2

Fiedler vector of a 2-D regular mesh, N=110 (10x11 grid)

 Solution method: gd

 Number of requested eigenvalues: 4
 All requested eigenvalues computed up to the required tolerance:
     0.08101, 0.09789, 0.17890, 0.31749

